// Jest Snapshot v1, https://goo.gl/fbAQLP

exports[`renders correctly 1`] = `
<div
  defaultParse={true}
  foo="bar"
  name="auth.password"
  path="/auth/password"
>
  New
</div>
`;
