// Jest Snapshot v1, https://goo.gl/fbAQLP

exports[`renders correctly 1`] = `
<div
  foo="bar"
  method="put"
  name="auth.resetPassword"
  path="/auth/password"
>
  New
</div>
`;
