// Jest Snapshot v1, https://goo.gl/fbAQLP

exports[`renders correctly 1`] = `null`;

exports[`when destroyed renders correctly 1`] = `
<div
  setCurrentUser={[Function]}
>
   Destroyed
</div>
`;
