// Jest Snapshot v1, https://goo.gl/fbAQLP

exports[`renders correctly 1`] = `
<div
  foo="bar"
  name="auth.signIn"
  path="/auth/sign_in"
>
  New
</div>
`;
