// Jest Snapshot v1, https://goo.gl/fbAQLP

exports[`renders correctly 1`] = `
<div
  method="put"
  name="resetPassword"
  path="/admin_auth/password"
  render={[Function]}
  renderCreated={[Function]}
>
  New - 
  <div>
    Form
  </div>
</div>
`;
