// Jest Snapshot v1, https://goo.gl/fbAQLP

exports[`renders correctly 1`] = `
<div
  id="currentUser"
  name="currentUser"
  parseResponse={[Function]}
  path="/admin_auth/validate_token"
  render={[Function]}
  renderError={false}
  renderLoading={false}
>
  Info
</div>
`;
