// Jest Snapshot v1, https://goo.gl/fbAQLP

exports[`when is fetching data calls render 1`] = `
<div>
  Loading
</div>
`;
