// Jest Snapshot v1, https://goo.gl/fbAQLP

exports[`renders correctly 1`] = `
<div
  foo="bar"
  name="auth.signUp"
  path="/auth"
>
  New
</div>
`;
